// Jest Snapshot v1, https://goo.gl/fbAQLP

exports[`getNodeLabel() returns a <DdgNode/> 1`] = `
<div
  className="DdgNode"
  onMouseOut={[Function]}
  onMouseOver={[Function]}
>
  <div
    className="DdgNode--core"
  >
    <div>
      <h4
        className="DdgNode--label"
      >
        the-service
      </h4>
      <div
        className="DdgNode--label"
      >
        the-operation
      </div>
    </div>
  </div>
  <div
    className="DdgNode--actionsWrapper"
  >
    <a
      className="DdgNode--actionsItem"
      href="some-url"
    >
      <svg
        className="DdgSetFocusButtonIcon"
        height="100"
        viewBox="0 0 100 100"
        width="100"
        xmlns="http://www.w3.org/2000/svg"
      >
        <g>
          <path
            d="M50.0001 -1L61.0557 22.1383H38.9444L50.0001 -1Z"
            fill="currentColor"
          />
          <path
            d="M49.9999 99L38.9443 75.8617L61.0556 75.8617L49.9999 99Z"
            fill="currentColor"
          />
          <path
            d="M100 49L76.8617 60.0556L76.8617 37.9444L100 49Z"
            fill="currentColor"
          />
          <path
            d="M1.57361e-06 49L23.1383 37.9444L23.1383 60.0556L1.57361e-06 49Z"
            fill="currentColor"
          />
        </g>
      </svg>
      <span
        className="DdgNode--actionsItemText"
      >
        Set focus
      </span>
    </a>
    <a
      className="DdgNode--actionsItem"
    >
      <NewWindowIcon
        isLarge={false}
      />
      <span
        className="DdgNode--actionsItemText"
      >
        View traces
      </span>
    </a>
  </div>
</div>
`;
