// Jest Snapshot v1, https://goo.gl/fbAQLP

exports[`DdgVertex creates consumable JSON 1`] = `
Object {
  "egressVertices": Array [
    "oneHopDownstreamVertexKey0",
    "oneHopDownstreamVertexKey1",
  ],
  "ingressVertices": Array [
    "oneHopDownstreamVertexKey0",
    "oneHopDownstreamVertexKey1",
  ],
  "key": "targetVertexKey",
  "pathElems": Set {
    "targetVertexKey-pathElem0",
    "targetVertexKey-pathElem1",
  },
}
`;
